[debug] [2025-12-09T11:37:21.366Z] ----------------------------------------------------------------------
[debug] [2025-12-09T11:37:21.371Z] Command:       C:\Program Files\nodejs\node.exe C:\Users\nobit\AppData\Roaming\npm\node_modules\firebase-tools\lib\bin\firebase.js init functions
[debug] [2025-12-09T11:37:21.372Z] CLI Version:   14.27.0
[debug] [2025-12-09T11:37:21.373Z] Platform:      win32
[debug] [2025-12-09T11:37:21.373Z] Node Version:  v22.15.0
[debug] [2025-12-09T11:37:21.373Z] Time:          Tue Dec 09 2025 18:37:21 GMT+0700 (Giờ Đông Dương)
[debug] [2025-12-09T11:37:21.374Z] ----------------------------------------------------------------------
[debug] 
[debug] [2025-12-09T11:37:21.378Z] >>> [apiv2][query] GET https://firebase-public.firebaseio.com/cli.json [none]
[info] 
     ######## #### ########  ######## ########     ###     ######  ########
     ##        ##  ##     ## ##       ##     ##  ##   ##  ##       ##
     ######    ##  ########  ######   ########  #########  ######  ######
     ##        ##  ##    ##  ##       ##     ## ##     ##       ## ##
     ##       #### ##     ## ######## ########  ##     ##  ######  ########

You're about to initialize a Firebase project in this directory:

  E:\HTR\Project_6\Software\Smart-Farming-IoT

[debug] [2025-12-09T11:37:22.068Z] <<< [apiv2][status] GET https://firebase-public.firebaseio.com/cli.json 200
[debug] [2025-12-09T11:37:22.069Z] <<< [apiv2][body] GET https://firebase-public.firebaseio.com/cli.json {"cloudBuildErrorAfter":1594252800000,"cloudBuildWarnAfter":1590019200000,"defaultNode10After":1594252800000,"minVersion":"3.0.5","node8DeploysDisabledAfter":1613390400000,"node8RuntimeDisabledAfter":1615809600000,"node8WarnAfter":1600128000000}
[info] 
=== Project Setup
[info] 
[info] First, let's associate this project directory with a Firebase project.
[info] You can create multiple project aliases by running firebase use --add, 
[info] 
