Removed Pin From Net: NetName=NetR1_1 Pin=R2-1
Removed Pin From Net: NetName=NetR1_2 Pin=R4-2
Removed Pin From Net: NetName=NetR3_2 Pin=R5-2
Removed Pin From Net: NetName=NetC2_2 Pin=R6-1
Removed Pin From Net: NetName=+5 Pin=R6-2
Removed Pin From Net: NetName=NetR3_1 Pin=R7-1
Removed Pin From Net: NetName=NetC2_2 Pin=R?-1
Removed Pin From Net: NetName=GND Pin=R?-2
Removed Pin From Net: NetName=NetR1_1 Pin=U1-1
Removed Pin From Net: NetName=NetR3_2 Pin=U1-7
Removed Pin From Net: NetName=NetR1_2 Pin=U2-2
Removed Pin From Net: NetName=NetR3_1 Pin=U2-3
Change Component Comment : Designator=R6 Old Comment=220R New Comment=3.3k
Added Pin To Net: NetName=NetR1_2 Pin=R2-1
Added Pin To Net: NetName=NetR1_1 Pin=R4-2
Added Pin To Net: NetName=NetR3_1 Pin=R5-2
Added Pin To Net: NetName=+5 Pin=R6-1
Added Pin To Net: NetName=NetC2_2 Pin=R6-2
Added Pin To Net: NetName=NetR3_2 Pin=R7-1
Added Pin To Net: NetName=GND Pin=R?-1
Added Pin To Net: NetName=NetC2_2 Pin=R?-2
Added Pin To Net: NetName=NetR1_2 Pin=U1-1
Added Pin To Net: NetName=NetR3_1 Pin=U1-7
Added Pin To Net: NetName=NetR1_1 Pin=U2-2
Added Pin To Net: NetName=NetR3_2 Pin=U2-3
